HIP cupy=13.5.1  device_mem=15.96/16.97 GiB
hiprtc RawKernel compiled in 0.38s
field=minmax irr=(0, 2) one=1
p=11 q=121 #k=29 gen=13 batch=262144
mmap /home/nick/e1work/maxplus_p11/maxplus_p11_eps1.npy  |Max+|=37457112
  262144/37457112  wall=0.1s  h2d=0.0s gpu=0.1s  used=1618MB
  2359296/37457112  wall=0.8s  h2d=0.2s gpu=0.6s  used=1618MB
  4456448/37457112  wall=1.5s  h2d=0.3s gpu=1.2s  used=1618MB
  6553600/37457112  wall=2.2s  h2d=0.4s gpu=1.7s  used=1618MB
  8650752/37457112  wall=2.9s  h2d=0.5s gpu=2.3s  used=1618MB
  10747904/37457112  wall=3.6s  h2d=0.6s gpu=2.8s  used=1618MB
  12845056/37457112  wall=4.3s  h2d=0.7s gpu=3.3s  used=1618MB
  14942208/37457112  wall=5.0s  h2d=0.9s gpu=3.9s  used=1618MB
  17039360/37457112  wall=5.7s  h2d=1.0s gpu=4.4s  used=1618MB
  19136512/37457112  wall=6.4s  h2d=1.1s gpu=5.0s  used=1618MB
  21233664/37457112  wall=7.1s  h2d=1.2s gpu=5.5s  used=1618MB
  23330816/37457112  wall=7.8s  h2d=1.3s gpu=6.1s  used=1618MB
  25427968/37457112  wall=8.5s  h2d=1.4s gpu=6.6s  used=1618MB
  27525120/37457112  wall=9.2s  h2d=1.5s gpu=7.1s  used=1618MB
  29622272/37457112  wall=9.9s  h2d=1.6s gpu=7.7s  used=1618MB
  31719424/37457112  wall=10.6s  h2d=1.7s gpu=8.3s  used=1618MB
  33816576/37457112  wall=11.3s  h2d=1.9s gpu=8.8s  used=1618MB
  35913728/37457112  wall=12.0s  h2d=2.0s gpu=9.3s  used=1618MB
  37457112/37457112  wall=12.5s  h2d=2.0s gpu=9.7s  used=1568MB
DONE nseen=37457112  gpu=9.75s h2d=2.04s  peak_used=1618MB
min E|Z|^2=3654.705533  thr=2722.500000  min λ=8.054447
Φ min=8.054449 max=8.664378 n_clusters=11
     k         E|Z|^2            λ  nearest Φ
     2      3729.5284     8.219346  Φ=8.219347 d=6.518e-07
     4      3706.7274     8.169096  Φ=8.169097 d=7.156e-07
     6      3782.0554     8.335108  Φ=8.335108 d=2.582e-07
     8      3654.7055     8.054447  Φ=8.054449 d=1.544e-06
    10      3824.5184     8.428691  Φ=8.428691 d=3.099e-07
    12      3766.9501     8.301818  Φ=8.301818 d=3.306e-07
    14      3679.1851     8.108397  Φ=8.108397 d=2.732e-08
    16      3706.7273     8.169096  Φ=8.169097 d=9.352e-07
    18      3834.9161     8.451606  Φ=8.451606 d=3.005e-07
    20      3919.0786     8.637088  Φ=8.637088 d=2.663e-07
    22      3729.5281     8.219346  Φ=8.219347 d=1.382e-06
    24      3816.4543     8.410919  Φ=8.410919 d=4.577e-07
    26      3679.1848     8.108396  Φ=8.108397 d=6.893e-07
    28      3654.7059     8.054448  Φ=8.054449 d=7.259e-07
    30      3931.4617     8.664378  Φ=8.664378 d=3.963e-07
    32      3654.7057     8.054448  Φ=8.054449 d=1.242e-06
    34      3679.1851     8.108397  Φ=8.108397 d=1.028e-07
    36      3816.4543     8.410918  Φ=8.410919 d=5.145e-07
    38      3729.5285     8.219347  Φ=8.219347 d=4.018e-07
    40      3919.0786     8.637088  Φ=8.637088 d=2.615e-07
    42      3834.9161     8.451606  Φ=8.451606 d=2.552e-07
    44      3706.7275     8.169097  Φ=8.169097 d=4.867e-07
    46      3679.1852     8.108397  Φ=8.108397 d=2.737e-08
    48      3766.9500     8.301818  Φ=8.301818 d=1.794e-07
    50      3824.5184     8.428691  Φ=8.428691 d=3.377e-07
    52      3654.7058     8.054448  Φ=8.054449 d=8.618e-07
    54      3782.0553     8.335108  Φ=8.335108 d=4.121e-08
    56      3706.7274     8.169096  Φ=8.169097 d=8.663e-07
    58      3729.5282     8.219346  Φ=8.219347 d=1.008e-06
k within 0.05 of a Φ cluster: 29/29
wrote /home/nick/e1work/maxplus_p11/even_char_hip_nuka.npz
